ECHO listPolicies originally was
Policy: RS-10-4-1024k DISABLED
Policy: RS-3-2-1024k ENABLED
Policy: RS-6-3-1024k ENABLED
Policy: RS-LEGACY-6-3-1024k DISABLED
Policy: XOR-2-1-1024k DISABLED
Enabled EC policy 'RS-10-4-1024k'
Enabled EC policy 'XOR-2-1-1024k'
ECHO listPolicies after enablePolicy
Policy: RS-10-4-1024k ENABLED
Policy: RS-3-2-1024k ENABLED
Policy: RS-6-3-1024k ENABLED
Policy: RS-LEGACY-6-3-1024k DISABLED
Policy: XOR-2-1-1024k ENABLED
ECHO original policy on erasure_coding1
EC policy is 'RS-3-2-1024k'
ECHO set the default policy on erasure_coding1
Set EC policy' RS-10-4-1024k
ECHO new policy on erasure_coding1
EC policy is 'RS-10-4-1024k'
ECHO unset the default policy on erasure_coding1
Unset EC policy
EC policy is 'RS-3-2-1024k'
#### A masked pattern was here ####
PREHOOK: type: CREATETABLE
#### A masked pattern was here ####
PREHOOK: Output: database:default
PREHOOK: Output: default@erasure_table
#### A masked pattern was here ####
POSTHOOK: type: CREATETABLE
#### A masked pattern was here ####
POSTHOOK: Output: database:default
POSTHOOK: Output: default@erasure_table
PREHOOK: query: insert into erasure_table values(4)
PREHOOK: type: QUERY
PREHOOK: Output: default@erasure_table
POSTHOOK: query: insert into erasure_table values(4)
POSTHOOK: type: QUERY
POSTHOOK: Output: default@erasure_table
POSTHOOK: Lineage: erasure_table.a EXPRESSION [(values__tmp__table__1)values__tmp__table__1.FieldSchema(name:tmp_values_col1, type:string, comment:), ]
Set EC policy' XOR-2-1-1024k
PREHOOK: query: insert into erasure_table values(5)
PREHOOK: type: QUERY
PREHOOK: Output: default@erasure_table
POSTHOOK: query: insert into erasure_table values(5)
POSTHOOK: type: QUERY
POSTHOOK: Output: default@erasure_table
POSTHOOK: Lineage: erasure_table.a EXPRESSION [(values__tmp__table__2)values__tmp__table__2.FieldSchema(name:tmp_values_col1, type:string, comment:), ]
ECHO policy on older file is
EC policy is 'RS-3-2-1024k'
ECHO policy on newer file is
EC policy is 'XOR-2-1-1024k'
PREHOOK: query: select * from erasure_table
PREHOOK: type: QUERY
PREHOOK: Input: default@erasure_table
#### A masked pattern was here ####
POSTHOOK: query: select * from erasure_table
POSTHOOK: type: QUERY
POSTHOOK: Input: default@erasure_table
#### A masked pattern was here ####
4
5
PREHOOK: query: drop table if exists erasure_table2
PREHOOK: type: DROPTABLE
POSTHOOK: query: drop table if exists erasure_table2
POSTHOOK: type: DROPTABLE
#### A masked pattern was here ####
PREHOOK: type: CREATETABLE
#### A masked pattern was here ####
PREHOOK: Output: database:default
PREHOOK: Output: default@erasure_table2
#### A masked pattern was here ####
POSTHOOK: type: CREATETABLE
#### A masked pattern was here ####
POSTHOOK: Output: database:default
POSTHOOK: Output: default@erasure_table2
PREHOOK: query: insert overwrite table erasure_table2
select key, value from src
PREHOOK: type: QUERY
PREHOOK: Input: default@src
PREHOOK: Output: default@erasure_table2
POSTHOOK: query: insert overwrite table erasure_table2
select key, value from src
POSTHOOK: type: QUERY
POSTHOOK: Input: default@src
POSTHOOK: Output: default@erasure_table2
POSTHOOK: Lineage: erasure_table2.key SIMPLE [(src)src.FieldSchema(name:key, type:string, comment:default), ]
POSTHOOK: Lineage: erasure_table2.value SIMPLE [(src)src.FieldSchema(name:value, type:string, comment:default), ]
ECHO show table extended like erasure_table2
PREHOOK: query: show table extended like erasure_table2
PREHOOK: type: SHOW_TABLESTATUS
POSTHOOK: query: show table extended like erasure_table2
POSTHOOK: type: SHOW_TABLESTATUS
tableName:erasure_table2
#### A masked pattern was here ####
inputformat:org.apache.hadoop.mapred.TextInputFormat
outputformat:org.apache.hadoop.hive.ql.io.HiveIgnoreKeyTextOutputFormat
columns:struct columns { string key, string value}
partitioned:false
partitionColumns:
totalNumberFiles:1
totalNumberErasureCodedFiles:1
totalFileSize:5812
maxFileSize:5812
minFileSize:5812
#### A masked pattern was here ####

ECHO SHOW TBLPROPERTIES erasure_table2
PREHOOK: query: SHOW TBLPROPERTIES erasure_table2
PREHOOK: type: SHOW_TBLPROPERTIES
POSTHOOK: query: SHOW TBLPROPERTIES erasure_table2
POSTHOOK: type: SHOW_TBLPROPERTIES
COLUMN_STATS_ACCURATE	{"BASIC_STATS":"true"}
numFiles	1
numFilesErasureCoded	1
numRows	500
rawDataSize	5312
totalSize	5812
#### A masked pattern was here ####
ECHO unset the default policy on erasure_coding1
Unset EC policy
#### A masked pattern was here ####
ECHO disablePolicy RS-10-4-1024k
Disabled EC policy 'RS-10-4-1024k'
