PREHOOK: query: drop table if exists testhbaseb
PREHOOK: type: DROPTABLE
POSTHOOK: query: drop table if exists testhbaseb
POSTHOOK: type: DROPTABLE
PREHOOK: query: CREATE TABLE testhbaseb (key int, val binary)
STORED BY 'org.apache.hadoop.hive.hbase.HBaseStorageHandler'
WITH SERDEPROPERTIES (
"hbase.columns.mapping" = ":key,cf:val#b"
)
PREHOOK: type: CREATETABLE
PREHOOK: Output: database:default
POSTHOOK: query: CREATE TABLE testhbaseb (key int, val binary)
STORED BY 'org.apache.hadoop.hive.hbase.HBaseStorageHandler'
WITH SERDEPROPERTIES (
"hbase.columns.mapping" = ":key,cf:val#b"
)
POSTHOOK: type: CREATETABLE
POSTHOOK: Output: database:default
POSTHOOK: Output: default@testhbaseb
PREHOOK: query: insert into table testhbaseb select 1, 'hello' from src where key = 100
PREHOOK: type: QUERY
PREHOOK: Input: default@src
PREHOOK: Output: default@testhbaseb
POSTHOOK: query: insert into table testhbaseb select 1, 'hello' from src where key = 100
POSTHOOK: type: QUERY
POSTHOOK: Input: default@src
POSTHOOK: Output: default@testhbaseb
PREHOOK: query: insert into table testhbaseb select 2, 'hi' from src where key = 100
PREHOOK: type: QUERY
PREHOOK: Input: default@src
PREHOOK: Output: default@testhbaseb
POSTHOOK: query: insert into table testhbaseb select 2, 'hi' from src where key = 100
POSTHOOK: type: QUERY
POSTHOOK: Input: default@src
POSTHOOK: Output: default@testhbaseb
PREHOOK: query: select * from testhbaseb
PREHOOK: type: QUERY
PREHOOK: Input: default@testhbaseb
#### A masked pattern was here ####
POSTHOOK: query: select * from testhbaseb
POSTHOOK: type: QUERY
POSTHOOK: Input: default@testhbaseb
#### A masked pattern was here ####
1	hello
2	hi
PREHOOK: query: drop table testhbaseb
PREHOOK: type: DROPTABLE
PREHOOK: Input: default@testhbaseb
PREHOOK: Output: default@testhbaseb
POSTHOOK: query: drop table testhbaseb
POSTHOOK: type: DROPTABLE
POSTHOOK: Input: default@testhbaseb
POSTHOOK: Output: default@testhbaseb
