PREHOOK: query: CREATE TABLE SAMPLETABLE(IP STRING , showtime BIGINT ) partitioned by (ds string,ipz int) ROW FORMAT DELIMITED FIELDS TERMINATED BY '\040'
PREHOOK: type: CREATETABLE
POSTHOOK: query: CREATE TABLE SAMPLETABLE(IP STRING , showtime BIGINT ) partitioned by (ds string,ipz int) ROW FORMAT DELIMITED FIELDS TERMINATED BY '\040'
POSTHOOK: type: CREATETABLE
POSTHOOK: Output: default@SAMPLETABLE
FAILED: SemanticException [Error 10214]: Invalid partition spec specified table is partitioned but partition spec is not specified or does not fully match table partitioning: {ds=sf}
