>>>  !run !!{qFileDirectory}!!/drop_with_concurrency.q
>>>  set hive.lock.numretries=1;
No rows affected 
>>>  set hive.lock.sleep.between.retries=1;
No rows affected 
>>>  set hive.support.concurrency=true;
No rows affected 
>>>  set hive.lock.manager=org.apache.hadoop.hive.ql.lockmgr.EmbeddedLockManager;
No rows affected 
>>>  
>>>  drop table if exists drop_with_concurrency_1;
DEBUG : Acquire a monitor for compiling query
INFO  : Compiling commandqueryId=(!!{queryId}!!): drop table if exists drop_with_concurrency_1
DEBUG : Encoding valid txns info 9223372036854775807:
INFO  : Semantic Analysis Completed
INFO  : Returning Hive schema: Schema(fieldSchemas:null, properties:null)
INFO  : Completed compiling commandqueryId=(!!{queryId}!!); Time taken: !!ELIDED!! seconds
INFO  : Executing commandqueryId=(!!{queryId}!!): drop table if exists drop_with_concurrency_1
ERROR : PREHOOK: query: 
ERROR : PREHOOK: type: SWITCHDATABASE
INFO  : Starting task [Stage-0:DDL] in serial mode
ERROR : POSTHOOK: query: 
ERROR : POSTHOOK: type: SWITCHDATABASE
INFO  : Completed executing commandqueryId=(!!{queryId}!!); Time taken: !!ELIDED!! seconds
INFO  : OK
DEBUG : Shutting down query drop table if exists drop_with_concurrency_1
No rows affected 
>>>  create table drop_with_concurrency_1 (c1 int);
DEBUG : Acquire a monitor for compiling query
INFO  : Compiling commandqueryId=(!!{queryId}!!): create table drop_with_concurrency_1 (c1 int)
DEBUG : Encoding valid txns info 9223372036854775807:
INFO  : Semantic Analysis Completed
INFO  : Returning Hive schema: Schema(fieldSchemas:null, properties:null)
INFO  : Completed compiling commandqueryId=(!!{queryId}!!); Time taken: !!ELIDED!! seconds
INFO  : Executing commandqueryId=(!!{queryId}!!): create table drop_with_concurrency_1 (c1 int)
ERROR : PREHOOK: query: 
ERROR : PREHOOK: type: SWITCHDATABASE
ERROR : PREHOOK: Output: database:drop_with_concurrency
ERROR : PREHOOK: Output: drop_with_concurrency@drop_with_concurrency_1
INFO  : Starting task [Stage-0:DDL] in serial mode
ERROR : POSTHOOK: query: 
ERROR : POSTHOOK: type: SWITCHDATABASE
ERROR : POSTHOOK: Output: database:drop_with_concurrency
ERROR : POSTHOOK: Output: drop_with_concurrency@drop_with_concurrency_1
INFO  : Completed executing commandqueryId=(!!{queryId}!!); Time taken: !!ELIDED!! seconds
INFO  : OK
DEBUG : Shutting down query create table drop_with_concurrency_1 (c1 int)
No rows affected 
>>>  drop table drop_with_concurrency_1;
DEBUG : Acquire a monitor for compiling query
INFO  : Compiling commandqueryId=(!!{queryId}!!): drop table drop_with_concurrency_1
DEBUG : Encoding valid txns info 9223372036854775807:
INFO  : Semantic Analysis Completed
INFO  : Returning Hive schema: Schema(fieldSchemas:null, properties:null)
INFO  : Completed compiling commandqueryId=(!!{queryId}!!); Time taken: !!ELIDED!! seconds
INFO  : Executing commandqueryId=(!!{queryId}!!): drop table drop_with_concurrency_1
ERROR : PREHOOK: query: 
ERROR : PREHOOK: type: SWITCHDATABASE
ERROR : PREHOOK: Input: drop_with_concurrency@drop_with_concurrency_1
ERROR : PREHOOK: Output: drop_with_concurrency@drop_with_concurrency_1
INFO  : Starting task [Stage-0:DDL] in serial mode
ERROR : POSTHOOK: query: 
ERROR : POSTHOOK: type: SWITCHDATABASE
ERROR : POSTHOOK: Input: drop_with_concurrency@drop_with_concurrency_1
ERROR : POSTHOOK: Output: drop_with_concurrency@drop_with_concurrency_1
INFO  : Completed executing commandqueryId=(!!{queryId}!!); Time taken: !!ELIDED!! seconds
INFO  : OK
DEBUG : Shutting down query drop table drop_with_concurrency_1
No rows affected 
>>>  !record
